includes:
- file: ptxdist.ref

rootfs_unused_libraries:
  description: ModemManager plugins and protocols are not yet fully specified.
  present:
  - /usr/lib/ModemManager/libmm-shared-icera.so
  - /usr/lib/ModemManager/libmm-shared-novatel.so
  - /usr/lib/ModemManager/libmm-shared-option.so
  - /usr/lib/ModemManager/libmm-shared-sierra.so
  - /usr/lib/ModemManager/libmm-shared-telit.so
  - /usr/lib/ModemManager/libmm-shared-xmm.so

kernel_smp_on_up:
  description: |
     This option should be off to enforce the presence of the PSCI provided by
     the booloader. Currently it is broken and thus, only one CPU core can be
     used at run-time
     TODO: when fixed, change this entry to FALSE!
  value: True

# vim: filetype=yaml
